******************************************************************************
                  TI ARM Linker PC v18.12.7                    
******************************************************************************
>> Linked Sun May 16 20:53:44 2021

OUTPUT FILE NAME:   <MPP02_LAB2_A_2.out>
ENTRY POINT SYMBOL: "_c_int00_noargs"  address: 00002bdd


MEMORY CONFIGURATION

         name            origin    length      used     unused   attr    fill
----------------------  --------  ---------  --------  --------  ----  --------
  FLASH                 00000000   00100000  00002fd5  000fd02b  R  X
  SRAM                  20000000   00040000  000013b0  0003ec50  RW X


SEGMENT ALLOCATION MAP

run origin  load origin   length   init length attrs members
----------  ----------- ---------- ----------- ----- -------
00000000    00000000    00002fd8   00002fd8    r-x
  00000000    00000000    00000208   00000208    r-- .intvecs
  00000208    00000208    00002c3c   00002c3c    r-x .text
  00002e44    00002e44    00000101   00000101    r-- .const
  00002f48    00002f48    00000090   00000090    r-- .cinit
20000000    20000000    000013b0   00000000    rw-
  20000000    20000000    00000800   00000000    rw- .stack
  20000800    20000800    00000800   00000000    rw- .sysmem
  20001000    20001000    000001e8   00000000    rw- .data
  200011e8    200011e8    000001c8   00000000    rw- .bss


SECTION ALLOCATION MAP

 output                                  attributes/
section   page    origin      length       input sections
--------  ----  ----------  ----------   ----------------
.intvecs   0    00000000    00000208     
                  00000000    00000208     tm4c1294ncpdt_startup_ccs.obj (.intvecs)

.text      0    00000208    00002c3c     
                  00000208    00000a4e     rtsv7M4_T_le_v4SPD16_eabi.lib : _printfi.c.obj (.text:__TI_printfi)
                  00000c56    00000002                                   : _lock.c.obj (.text:_nop)
                  00000c58    00000270                                   : _printfi.c.obj (.text:_pconv_a)
                  00000ec8    00000228     main.obj (.text)
                  000010f0    000001d0     rtsv7M4_T_le_v4SPD16_eabi.lib : _printfi.c.obj (.text:_pconv_g)
                  000012c0    000001b6                                   : fd_add_t2.asm.obj (.text)
                  00001476    00000002                                   : div0.asm.obj (.text)
                  00001478    0000013c                                   : _printfi.c.obj (.text:_pconv_e)
                  000015b4    00000136                                   : fd_div_t2.asm.obj (.text)
                  000016ea    00000002     --HOLE-- [fill = 0]
                  000016ec    00000124                                   : _printfi.c.obj (.text:fcvt)
                  00001810    00000118                                   : memory.c.obj (.text:aligned_alloc)
                  00001928    00000114                                   : fputs.c.obj (.text:fputs)
                  00001a3c    00000110                                   : s_scalbn.c.obj (.text:scalbn)
                  00001b4c    000000fc                                   : fd_mul_t2.asm.obj (.text)
                  00001c48    000000e4                                   : memory.c.obj (.text:free)
                  00001d2c    000000dc                                   : setvbuf.c.obj (.text:setvbuf)
                  00001e08    000000b1                                   : _printfi.c.obj (.text:_ltostr)
                  00001eb9    00000001     --HOLE-- [fill = 0]
                  00001eba    0000009c                                   : memcpy_t2.asm.obj (.text)
                  00001f56    00000096                                   : ull_div_t2.asm.obj (.text)
                  00001fec    0000008c                                   : fputc.c.obj (.text:fputc)
                  00002078    00000086                                   : fd_cmp_t2.asm.obj (.text:__aeabi_cdcmple)
                  000020fe    00000086                                   : fd_cmp_t2.asm.obj (.text:__aeabi_cdrcmple)
                  00002184    0000007a                                   : memset_t2.asm.obj (.text)
                  000021fe    00000002     --HOLE-- [fill = 0]
                  00002200    00000074                                   : fclose.c.obj (.text:__TI_closefile)
                  00002274    00000070                                   : memory.c.obj (.text:split)
                  000022e4    0000006e                                   : _printfi.c.obj (.text:_mcpy)
                  00002352    00000002     --HOLE-- [fill = 0]
                  00002354    0000006c                                   : hostrename.c.obj (.text:HOSTrename)
                  000023c0    00000068                                   : hostlseek.c.obj (.text:HOSTlseek)
                  00002428    00000068                                   : copy_decompress_lzss.c.obj (.text:decompress:lzss:__TI_decompress_lzss)
                  00002490    00000068                                   : printf.c.obj (.text:printf)
                  000024f8    00000064                                   : s_frexp.c.obj (.text:frexp)
                  0000255c    00000064                                   : fseek.c.obj (.text:fseek)
                  000025c0    00000062                                   : _io_perm.c.obj (.text:__TI_wrt_ok)
                  00002622    00000002     --HOLE-- [fill = 0]
                  00002624    00000060                                   : hostopen.c.obj (.text:HOSTopen)
                  00002684    0000005c                                   : close.c.obj (.text:close)
                  000026e0    00000058                                   : hostread.c.obj (.text:HOSTread)
                  00002738    00000058                                   : hostwrite.c.obj (.text:HOSTwrite)
                  00002790    00000056                                   : _printfi.c.obj (.text:_pconv_f)
                  000027e6    00000054                                   : ltoa.c.obj (.text:ltoa)
                  0000283a    00000052                                   : _printfi.c.obj (.text:_ecpy)
                  0000288c    0000004c                                   : fflush.c.obj (.text:__TI_doflush)
                  000028d8    0000004c                                   : atoi.c.obj (.text:atoi)
                  00002924    00000048                                   : exit.c.obj (.text:exit)
                  0000296c    00000048                                   : fd_toi_t2.asm.obj (.text)
                  000029b4    00000044                                   : hostclose.c.obj (.text:HOSTclose)
                  000029f8    00000044                                   : hostunlink.c.obj (.text:HOSTunlink)
                  00002a3c    00000044                                   : autoinit.c.obj (.text:__TI_auto_init_nobinit_nopinit:__TI_auto_init_nobinit_nopinit)
                  00002a80    00000044                                   : getdevice.c.obj (.text:getdevice)
                  00002ac4    0000003e                                   : _printfi.c.obj (.text:_fcpy)
                  00002b02    00000002     --HOLE-- [fill = 0]
                  00002b04    00000038                                   : trgmsg.c.obj (.text:__TI_writemsg)
                  00002b3c    00000036                                   : strncpy.c.obj (.text:strncpy)
                  00002b72    00000002     --HOLE-- [fill = 0]
                  00002b74    00000034                                   : fopen.c.obj (.text:__TI_cleanup)
                  00002ba8    00000034                                   : trgmsg.c.obj (.text:__TI_readmsg)
                  00002bdc    00000034                                   : boot_cortex_m.c.obj (.text:_c_int00_noargs:_c_int00_noargs)
                  00002c10    00000030                                   : getdevice.c.obj (.text:finddevice)
                  00002c40    0000002e                                   : i_tofd_t2.asm.obj (.text)
                  00002c6e    00000002     --HOLE-- [fill = 0]
                  00002c70    0000002c                                   : unlink.c.obj (.text:unlink)
                  00002c9c    00000028                                   : memory.c.obj (.text:free_list_insert)
                  00002cc4    00000028                                   : lseek.c.obj (.text:lseek)
                  00002cec    00000028                                   : write.c.obj (.text:write)
                  00002d14    00000020                                   : memchr.c.obj (.text:memchr)
                  00002d34    0000001c                                   : copy_zero_init.c.obj (.text:decompress:ZI:__TI_zero_init_nomemset:__TI_zero_init_nomemset)
                  00002d50    0000001c                                   : memory.c.obj (.text:free_list_remove)
                  00002d6c    0000001c                                   : memccpy.c.obj (.text:memccpy)
                  00002d88    0000001a                                   : s_copysign.c.obj (.text:copysign)
                  00002da2    00000018                                   : strcmp.c.obj (.text:strcmp)
                  00002dba    00000016                                   : strchr.c.obj (.text:strchr)
                  00002dd0    00000014                                   : strcpy.c.obj (.text:strcpy)
                  00002de4    00000014                                   : strlen.c.obj (.text:strlen)
                  00002df8    00000012                                   : wcslen.c.obj (.text:wcslen)
                  00002e0a    0000000e                                   : copy_decompress_none.c.obj (.text:decompress:none:__TI_decompress_none)
                  00002e18    0000000c     tm4c1294ncpdt_startup_ccs.obj (.text)
                  00002e24    00000008     rtsv7M4_T_le_v4SPD16_eabi.lib : errno.c.obj (.text:__aeabi_errno_addr)
                  00002e2c    00000008                                   : memory.c.obj (.text:malloc)
                  00002e34    00000004                                   : printf.c.obj (.text:_outc)
                  00002e38    00000004                                   : printf.c.obj (.text:_outs)
                  00002e3c    00000004                                   : pre_init.c.obj (.text:_system_pre_init)
                  00002e40    00000004                                   : exit.c.obj (.text:abort:abort)

.const     0    00002e44    00000101     
                  00002e44    00000101     rtsv7M4_T_le_v4SPD16_eabi.lib : ctype.c.obj (.const:.string:_ctypes_)

.cinit     0    00002f48    00000090     
                  00002f48    00000068     (.cinit..data.load) [load image, compression = lzss]
                  00002fb0    0000000c     (__TI_handler_table)
                  00002fbc    00000004     --HOLE-- [fill = 0]
                  00002fc0    00000008     (.cinit..bss.load) [load image, compression = zero_init]
                  00002fc8    00000010     (__TI_cinit_table)

.init_array 
*          0    00000000    00000000     UNINITIALIZED

.stack     0    20000000    00000800     UNINITIALIZED
                  20000000    00000004     rtsv7M4_T_le_v4SPD16_eabi.lib : boot_cortex_m.c.obj (.stack)
                  20000004    000007fc     --HOLE--

.sysmem    0    20000800    00000800     UNINITIALIZED
                  20000800    00000010     rtsv7M4_T_le_v4SPD16_eabi.lib : memory.c.obj (.sysmem)
                  20000810    000007f0     --HOLE--

.data      0    20001000    000001e8     UNINITIALIZED
                  20001000    000000f0     rtsv7M4_T_le_v4SPD16_eabi.lib : defs.c.obj (.data:_ftable)
                  200010f0    00000078                                   : host_device.c.obj (.data:_device)
                  20001168    00000050                                   : host_device.c.obj (.data:_stream)
                  200011b8    00000010                                   : defs.c.obj (.data)
                  200011c8    0000000c                                   : exit.c.obj (.data:$O1$$)
                  200011d4    00000008                                   : _lock.c.obj (.data:$O1$$)
                  200011dc    00000008                                   : memory.c.obj (.data:$O1$$)
                  200011e4    00000004                                   : errno.c.obj (.data)

.bss       0    200011e8    000001c8     UNINITIALIZED
                  200011e8    00000120     rtsv7M4_T_le_v4SPD16_eabi.lib : trgmsg.c.obj (.bss:_CIOBUF_)
                  20001308    000000a0     (.common:__TI_tmpnams)
                  200013a8    00000008     (.common:parmbuf)

MODULE SUMMARY

       Module                          code    ro data   rw data
       ------                          ----    -------   -------
    .\
       main.obj                        552     0         0      
       tm4c1294ncpdt_startup_ccs.obj   12      520       0      
    +--+-------------------------------+-------+---------+---------+
       Total:                          564     520       0      
                                                                
    C:\ti\ccs930\ccs\tools\compiler\ti-cgt-arm_18.12.7.LTS\lib\rtsv7M4_T_le_v4SPD16_eabi.lib
       _printfi.c.obj                  4851    0         0      
       memory.c.obj                    696     0         8      
       fd_add_t2.asm.obj               438     0         0      
       defs.c.obj                      0       0         416    
       trgmsg.c.obj                    108     0         288    
       fd_div_t2.asm.obj               310     0         0      
       fputs.c.obj                     276     0         0      
       s_scalbn.c.obj                  272     0         0      
       fd_cmp_t2.asm.obj               268     0         0      
       ctype.c.obj                     0       257       0      
       fd_mul_t2.asm.obj               252     0         0      
       setvbuf.c.obj                   220     0         0      
       host_device.c.obj               0       0         200    
       memcpy_t2.asm.obj               156     0         0      
       ull_div_t2.asm.obj              150     0         0      
       fputc.c.obj                     140     0         0      
       memset_t2.asm.obj               122     0         0      
       fclose.c.obj                    116     0         0      
       getdevice.c.obj                 116     0         0      
       printf.c.obj                    112     0         0      
       hostrename.c.obj                108     0         0      
       copy_decompress_lzss.c.obj      104     0         0      
       hostlseek.c.obj                 104     0         0      
       hostopen.c.obj                  96      0         8      
       fseek.c.obj                     100     0         0      
       s_frexp.c.obj                   100     0         0      
       _io_perm.c.obj                  98      0         0      
       close.c.obj                     92      0         0      
       exit.c.obj                      76      0         12     
       hostread.c.obj                  88      0         0      
       hostwrite.c.obj                 88      0         0      
       ltoa.c.obj                      84      0         0      
       atoi.c.obj                      76      0         0      
       fflush.c.obj                    76      0         0      
       fd_toi_t2.asm.obj               72      0         0      
       autoinit.c.obj                  68      0         0      
       hostclose.c.obj                 68      0         0      
       hostunlink.c.obj                68      0         0      
       strncpy.c.obj                   54      0         0      
       boot_cortex_m.c.obj             52      0         0      
       fopen.c.obj                     52      0         0      
       i_tofd_t2.asm.obj               46      0         0      
       unlink.c.obj                    44      0         0      
       lseek.c.obj                     40      0         0      
       write.c.obj                     40      0         0      
       memchr.c.obj                    32      0         0      
       copy_zero_init.c.obj            28      0         0      
       memccpy.c.obj                   28      0         0      
       s_copysign.c.obj                26      0         0      
       strcmp.c.obj                    24      0         0      
       strchr.c.obj                    22      0         0      
       strcpy.c.obj                    20      0         0      
       strlen.c.obj                    20      0         0      
       wcslen.c.obj                    18      0         0      
       copy_decompress_none.c.obj      14      0         0      
       errno.c.obj                     8       0         4      
       _lock.c.obj                     2       0         8      
       pre_init.c.obj                  4       0         0      
       div0.asm.obj                    2       0         0      
    +--+-------------------------------+-------+---------+---------+
       Total:                          10745   257       944    
                                                                
       Heap:                           0       0         2048   
       Stack:                          0       0         2048   
       Linker Generated:               0       140       0      
    +--+-------------------------------+-------+---------+---------+
       Grand Total:                    11309   917       5040   


LINKER GENERATED COPY TABLES

__TI_cinit_table @ 00002fc8 records: 2, size/record: 8, table size: 16
	.data: load addr=00002f48, load size=00000068 bytes, run addr=20001000, run size=000001e8 bytes, compression=lzss
	.bss: load addr=00002fc0, load size=00000008 bytes, run addr=200011e8, run size=000001c8 bytes, compression=zero_init


LINKER GENERATED HANDLER TABLE

__TI_handler_table @ 00002fb0 records: 3, size/record: 4, table size: 12
	index: 0, handler: __TI_decompress_lzss
	index: 1, handler: __TI_decompress_none
	index: 2, handler: __TI_zero_init


GLOBAL SYMBOLS: SORTED ALPHABETICALLY BY Name 

address   name                           
-------   ----                           
00002e41  C$$EXIT                        
00002b33  C$$IO$$                        
00000fb7  GPIOPort_init                  
000029b5  HOSTclose                      
000023c1  HOSTlseek                      
00002625  HOSTopen                       
000026e1  HOSTread                       
00002355  HOSTrename                     
000029f9  HOSTunlink                     
00002739  HOSTwrite                      
00002e19  ResetISR                       
200011e8  __CIOBUF_                      
20000800  __STACK_END                    
00000800  __STACK_SIZE                   
20000200  __STACK_TOP                    
00000800  __SYSMEM_SIZE                  
00002fc8  __TI_CINIT_Base                
00002fd8  __TI_CINIT_Limit               
00002fb0  __TI_Handler_Table_Base        
00002fbc  __TI_Handler_Table_Limit       
00002a3d  __TI_auto_init_nobinit_nopinit 
00002b75  __TI_cleanup                   
200011c8  __TI_cleanup_ptr               
00002201  __TI_closefile                 
00002429  __TI_decompress_lzss           
00002e0b  __TI_decompress_none           
0000288d  __TI_doflush                   
200011cc  __TI_dtors_ptr                 
200011d0  __TI_enable_exit_profile_output
200011b8  __TI_ft_end                    
ffffffff  __TI_pprof_out_hndl            
00000209  __TI_printfi                   
ffffffff  __TI_prof_data_size            
ffffffff  __TI_prof_data_start           
00002ba9  __TI_readmsg                   
00000000  __TI_static_base__             
20001308  __TI_tmpnams                   
00002b05  __TI_writemsg                  
000025c1  __TI_wrt_ok                    
00002d35  __TI_zero_init_nomemset        
00002079  __aeabi_cdcmpeq                
00002079  __aeabi_cdcmple                
000020ff  __aeabi_cdrcmple               
0000296d  __aeabi_d2iz                   
000012cb  __aeabi_dadd                   
000015b5  __aeabi_ddiv                   
00001b4d  __aeabi_dmul                   
000012c1  __aeabi_dsub                   
00002e25  __aeabi_errno_addr             
00002c41  __aeabi_i2d                    
00001477  __aeabi_idiv0                  
00001477  __aeabi_ldiv0                  
00002185  __aeabi_memclr                 
00002185  __aeabi_memclr4                
00002185  __aeabi_memclr8                
00001ebb  __aeabi_memcpy                 
00001ebb  __aeabi_memcpy4                
00001ebb  __aeabi_memcpy8                
00002187  __aeabi_memset                 
00002187  __aeabi_memset4                
00002187  __aeabi_memset8                
200011c4  __aeabi_stderr                 
200011bc  __aeabi_stdin                  
200011c0  __aeabi_stdout                 
00001f57  __aeabi_uldivmod               
ffffffff  __binit__                      
ffffffff  __c_args__                     
UNDEFED   __mpu_init                     
20000000  __stack                        
00002bdd  _c_int00_noargs                
00002e44  _ctypes_                       
200010f0  _device                        
20001000  _ftable                        
200011d4  _lock                          
00000c57  _nop                           
20001168  _stream                        
20000800  _sys_memory                    
UNDEFED   _system_post_cinit             
00002e3d  _system_pre_init               
200011d8  _unlock                        
00002e41  abort                          
00001811  aligned_alloc                  
000028d9  atoi                           
ffffffff  binit                          
00002685  close                          
00002d89  copysign                       
00002d89  copysignl                      
200011e4  errno                          
00002925  exit                           
00002c11  finddevice                     
00001fed  fputc                          
00001929  fputs                          
00001c49  free                           
000024f9  frexp                          
000024f9  frexpl                         
0000255d  fseek                          
00000000  g_pfnVectors                   
00002a81  getdevice                      
00001a3d  ldexp                          
00001a3d  ldexpl                         
00002cc5  lseek                          
000027e7  ltoa                           
00000ec9  main                           
00002e2d  malloc                         
00001811  memalign                       
00002d6d  memccpy                        
00002d15  memchr                         
00001ebb  memcpy                         
0000218d  memset                         
200013a8  parmbuf                        
00002491  printf                         
00001fed  putc                           
00002c71  remove                         
00001a3d  scalbn                         
00001a3d  scalbnl                        
00001d2d  setvbuf                        
00002dbb  strchr                         
00002da3  strcmp                         
00002dd1  strcpy                         
00002de5  strlen                         
00002b3d  strncpy                        
00001011  timer_init                     
00002c71  unlink                         
00002df9  wcslen                         
00002ced  write                          


GLOBAL SYMBOLS: SORTED BY Symbol Address 

address   name                           
-------   ----                           
00000000  __TI_static_base__             
00000000  g_pfnVectors                   
00000209  __TI_printfi                   
00000800  __STACK_SIZE                   
00000800  __SYSMEM_SIZE                  
00000c57  _nop                           
00000ec9  main                           
00000fb7  GPIOPort_init                  
00001011  timer_init                     
000012c1  __aeabi_dsub                   
000012cb  __aeabi_dadd                   
00001477  __aeabi_idiv0                  
00001477  __aeabi_ldiv0                  
000015b5  __aeabi_ddiv                   
00001811  aligned_alloc                  
00001811  memalign                       
00001929  fputs                          
00001a3d  ldexp                          
00001a3d  ldexpl                         
00001a3d  scalbn                         
00001a3d  scalbnl                        
00001b4d  __aeabi_dmul                   
00001c49  free                           
00001d2d  setvbuf                        
00001ebb  __aeabi_memcpy                 
00001ebb  __aeabi_memcpy4                
00001ebb  __aeabi_memcpy8                
00001ebb  memcpy                         
00001f57  __aeabi_uldivmod               
00001fed  fputc                          
00001fed  putc                           
00002079  __aeabi_cdcmpeq                
00002079  __aeabi_cdcmple                
000020ff  __aeabi_cdrcmple               
00002185  __aeabi_memclr                 
00002185  __aeabi_memclr4                
00002185  __aeabi_memclr8                
00002187  __aeabi_memset                 
00002187  __aeabi_memset4                
00002187  __aeabi_memset8                
0000218d  memset                         
00002201  __TI_closefile                 
00002355  HOSTrename                     
000023c1  HOSTlseek                      
00002429  __TI_decompress_lzss           
00002491  printf                         
000024f9  frexp                          
000024f9  frexpl                         
0000255d  fseek                          
000025c1  __TI_wrt_ok                    
00002625  HOSTopen                       
00002685  close                          
000026e1  HOSTread                       
00002739  HOSTwrite                      
000027e7  ltoa                           
0000288d  __TI_doflush                   
000028d9  atoi                           
00002925  exit                           
0000296d  __aeabi_d2iz                   
000029b5  HOSTclose                      
000029f9  HOSTunlink                     
00002a3d  __TI_auto_init_nobinit_nopinit 
00002a81  getdevice                      
00002b05  __TI_writemsg                  
00002b33  C$$IO$$                        
00002b3d  strncpy                        
00002b75  __TI_cleanup                   
00002ba9  __TI_readmsg                   
00002bdd  _c_int00_noargs                
00002c11  finddevice                     
00002c41  __aeabi_i2d                    
00002c71  remove                         
00002c71  unlink                         
00002cc5  lseek                          
00002ced  write                          
00002d15  memchr                         
00002d35  __TI_zero_init_nomemset        
00002d6d  memccpy                        
00002d89  copysign                       
00002d89  copysignl                      
00002da3  strcmp                         
00002dbb  strchr                         
00002dd1  strcpy                         
00002de5  strlen                         
00002df9  wcslen                         
00002e0b  __TI_decompress_none           
00002e19  ResetISR                       
00002e25  __aeabi_errno_addr             
00002e2d  malloc                         
00002e3d  _system_pre_init               
00002e41  C$$EXIT                        
00002e41  abort                          
00002e44  _ctypes_                       
00002fb0  __TI_Handler_Table_Base        
00002fbc  __TI_Handler_Table_Limit       
00002fc8  __TI_CINIT_Base                
00002fd8  __TI_CINIT_Limit               
20000000  __stack                        
20000200  __STACK_TOP                    
20000800  __STACK_END                    
20000800  _sys_memory                    
20001000  _ftable                        
200010f0  _device                        
20001168  _stream                        
200011b8  __TI_ft_end                    
200011bc  __aeabi_stdin                  
200011c0  __aeabi_stdout                 
200011c4  __aeabi_stderr                 
200011c8  __TI_cleanup_ptr               
200011cc  __TI_dtors_ptr                 
200011d0  __TI_enable_exit_profile_output
200011d4  _lock                          
200011d8  _unlock                        
200011e4  errno                          
200011e8  __CIOBUF_                      
20001308  __TI_tmpnams                   
200013a8  parmbuf                        
ffffffff  __TI_pprof_out_hndl            
ffffffff  __TI_prof_data_size            
ffffffff  __TI_prof_data_start           
ffffffff  __binit__                      
ffffffff  __c_args__                     
ffffffff  binit                          
UNDEFED   __mpu_init                     
UNDEFED   _system_post_cinit             

[125 symbols]
